// Jest Snapshot v1, https://goo.gl/fbAQLP

exports[`<OfferDetails /> render correctly 1`] = `
.c2 {
  background: linear-gradient(30deg,#ffc706,#ffaf00);
  width: 5px;
  border-radius: 6px 0 0 6px;
}

.c5 {
  position: absolute;
  border: 0;
  top: 50%;
  left: 50%;
  max-height: 40px;
  max-width: 85px;
  -webkit-transform: translate(-50%,-50%);
  -ms-transform: translate(-50%,-50%);
  transform: translate(-50%,-50%);
  display: block;
  border-radius: 5px;
}

.c10 {
  color: #51b368;
  vertical-align: middle;
  text-align: right;
  font-size: 16px;
  white-space: nowrap;
}

.c0 {
  height: 77px;
  cursor: pointer;
  background-color: #fff;
  border-radius: 6px;
  margin: 0 10px 12px 10px;
  padding: 0;
  display: -webkit-box;
  display: -webkit-flex;
  display: -ms-flexbox;
  display: flex;
}

.c1 {
  width: 100%;
  display: -webkit-box;
  display: -webkit-flex;
  display: -ms-flexbox;
  display: flex;
}

.c4 {
  -webkit-flex: 0 0 112px;
  -ms-flex: 0 0 112px;
  flex: 0 0 112px;
  position: relative;
}

.c3 {
  display: -webkit-box;
  display: -webkit-flex;
  display: -ms-flexbox;
  display: flex;
  -webkit-text-decoration: none;
  text-decoration: none;
  min-width: 0px;
  height: 100%;
  font-size: 11px;
  -webkit-align-items: center;
  -webkit-box-align: center;
  -ms-flex-align: center;
  align-items: center;
  -webkit-flex: 1;
  -ms-flex: 1;
  flex: 1;
}

.c6 {
  width: 100%;
  padding-right: 20px;
  min-width: 0;
}

.c7 {
  display: -webkit-box;
  display: -webkit-flex;
  display: -ms-flexbox;
  display: flex;
  -webkit-align-items: center;
  -webkit-box-align: center;
  -ms-flex-align: center;
  align-items: center;
}

.c9 {
  margin-left: auto;
  display: -webkit-box;
  display: -webkit-flex;
  display: -ms-flexbox;
  display: flex;
  -webkit-align-items: center;
  -webkit-box-align: center;
  -ms-flex-align: center;
  align-items: center;
}

.c13 {
  display: -webkit-box;
  display: -webkit-flex;
  display: -ms-flexbox;
  display: flex;
  -webkit-align-items: center;
  -webkit-box-align: center;
  -ms-flex-align: center;
  align-items: center;
  margin-top: 6px;
}

.c16 {
  margin-left: 20px;
}

.c11 {
  margin-right: 21px;
}

.c17 {
  margin-left: auto;
  white-space: nowrap;
  -webkit-flex: 1;
  -ms-flex: 1;
  flex: 1;
  display: -webkit-box;
  display: -webkit-flex;
  display: -ms-flexbox;
  display: flex;
  -webkit-box-pack: end;
  -webkit-justify-content: flex-end;
  -ms-flex-pack: end;
  justify-content: flex-end;
  overflow: hidden;
}

.c8 {
  color: #37474f;
  white-space: nowrap;
  overflow: hidden;
  text-overflow: ellipsis;
  font-size: 16px;
  margin: 0 5px 0 0;
  font-weight: 600;
  line-height: 23px;
}

.c15 {
  vertical-align: middle;
  text-align: center;
  color: #99a1ab;
  margin-left: 3px;
  font-size: 11px;
}

.c14.MuiSvgIcon-root {
  vertical-align: 'text-top';
  font-size: 0.875rem;
}

.c18 {
  color: #37474f;
  border: 1px solid #e0e0e0;
  background-color: #fff;
  display: inline-block;
  margin-left: 6px;
  border-radius: 16px;
  text-transform: lowercase;
  white-space: nowrap;
  padding: 4px 7px;
  text-overflow: ellipsis;
  overflow: hidden;
  min-width: 1ch;
}

.c12 {
  color: #4256ef;
  background-color: #d9ddfc;
  padding: 4px 7px;
  border-radius: 16px;
  margin-left: 20px;
  white-space: nowrap;
  font-weight: 400;
  vertical-align: bottom;
  font-size: 12px;
}

@media (max-width:1020px) {
  .c10 {
    line-height: 11px;
  }
}

@media (max-width:1020px) {
  .c0 {
    height: 86px;
  }
}

@media (max-width:1020px) {
  .c7 {
    display: block;
  }
}

@media (max-width:1020px) {
  .c13 {
    display: none;
  }
}

@media (max-width:1020px) {
  .c8 {
    white-space: initial;
    overflow: initial;
    text-overflow: initial;
  }
}

@media (max-width:1020px) {
  .c18 {
    margin-left: auto;
  }
}

@media (max-width:1020px) {
  .c12 {
    margin-left: auto;
  }
}

<div
  class="c0"
>
  <div
    class="c1"
  >
    <div
      class="c2"
    />
    <a
      class="c3"
    >
      <div
        class="c4"
      >
        <img
          class="c5"
          src="logoSrc"
        />
      </div>
      <div
        class="c6"
      >
        <div
          class="c7"
        >
          <span
            class="c8"
          >
            Job Title
          </span>
          <div
            class="c9"
          >
            <span
              class="c10"
            >
              1000 - 2000 PLN
            </span>
            <div
              class="c11"
            />
            <span
              class="c12"
            >
              New
            </span>
          </div>
        </div>
        <div
          class="c13"
        >
          <svg
            aria-hidden="true"
            class="MuiSvgIcon-root MuiSvgIcon-root c14"
            focusable="false"
            viewBox="0 0 24 24"
          >
            <path
              d="M12 7V3H2v18h20V7H12zM6 19H4v-2h2v2zm0-4H4v-2h2v2zm0-4H4V9h2v2zm0-4H4V5h2v2zm4 12H8v-2h2v2zm0-4H8v-2h2v2zm0-4H8V9h2v2zm0-4H8V5h2v2zm10 12h-8v-2h2v-2h-2v-2h2v-2h-2V9h8v10zm-2-8h-2v2h2v-2zm0 4h-2v2h2v-2z"
            />
          </svg>
          <span
            class="c15"
          >
            company
          </span>
          <div
            class="c16"
          />
          <svg
            aria-hidden="true"
            class="MuiSvgIcon-root MuiSvgIcon-root c14"
            focusable="false"
            viewBox="0 0 24 24"
          >
            <path
              d="M12 2C8.13 2 5 5.13 5 9c0 5.25 7 13 7 13s7-7.75 7-13c0-3.87-3.13-7-7-7zm0 9.5c-1.38 0-2.5-1.12-2.5-2.5s1.12-2.5 2.5-2.5 2.5 1.12 2.5 2.5-1.12 2.5-2.5 2.5z"
            />
          </svg>
          <span
            class="c15"
          >
            address
          </span>
          <div
            class="c17"
          >
            <span
              class="c18"
            >
              html
            </span>
            <span
              class="c18"
            >
              css
            </span>
            <span
              class="c18"
            >
              js
            </span>
          </div>
        </div>
      </div>
    </a>
  </div>
</div>
`;
