// Jest Snapshot v1, https://goo.gl/fbAQLP

exports[`<PopupBox /> render correctly 1`] = `
.c0 {
  display: -webkit-box;
  display: -webkit-flex;
  display: -ms-flexbox;
  display: flex;
  padding: 10px 20px;
  cursor: pointer;
  font-size: 13px;
  margin-top: 0;
  margin: 0;
}

.c1 {
  position: relative;
  width: 40px;
  display: -webkit-box;
  display: -webkit-flex;
  display: -ms-flexbox;
  display: flex;
  -webkit-flex-shrink: 0;
  -ms-flex-negative: 0;
  flex-shrink: 0;
}

.c2 {
  margin: auto;
  max-width: 40px;
  max-height: 40px;
  position: absolute;
  top: 0;
  left: 0;
  right: 0;
  bottom: 0;
}

.c3 {
  -webkit-flex-direction: column;
  -ms-flex-direction: column;
  flex-direction: column;
  display: -webkit-box;
  display: -webkit-flex;
  display: -ms-flexbox;
  display: flex;
  min-width: 140px;
  margin-left: 7px;
  text-align: left;
}

.c4 {
  white-space: nowrap;
  text-overflow: ellipsis;
  overflow: hidden;
}

.c5 {
  color: #1ec66c;
  font-weight: 400;
  white-space: nowrap;
}

<div
  class="c0"
>
  <div
    class="c1"
  >
    <img
      alt="company name"
      class="c2"
      src="logosrc"
    />
  </div>
  <div
    class="c3"
  >
    <span
      class="c4"
    >
      title
    </span>
    <span
      class="c5"
    >
      1000 - 2000 PLN
    </span>
    <span
      class="c4"
    >
      company name
    </span>
  </div>
</div>
`;
